str
3str
str3
strbla
blastr
strstrstr
strstrstr
strtrue
str(1,abc)
str<#closure>

